------------------------------------------------------------
Timing Analyzer Summary
------------------------------------------------------------

Type  : Slow 1100mV 85C Model Setup 'KEY[0]'
Slack : -0.169
TNS   : -0.668

Type  : Slow 1100mV 85C Model Hold 'KEY[0]'
Slack : 0.247
TNS   : 0.000

Type  : Slow 1100mV 85C Model Minimum Pulse Width 'KEY[0]'
Slack : -0.394
TNS   : -2.832

Type  : Slow 1100mV 0C Model Setup 'KEY[0]'
Slack : -0.199
TNS   : -0.767

Type  : Slow 1100mV 0C Model Hold 'KEY[0]'
Slack : 0.229
TNS   : 0.000

Type  : Slow 1100mV 0C Model Minimum Pulse Width 'KEY[0]'
Slack : -0.394
TNS   : -2.596

Type  : Fast 1100mV 85C Model Setup 'KEY[0]'
Slack : 0.299
TNS   : 0.000

Type  : Fast 1100mV 85C Model Hold 'KEY[0]'
Slack : 0.149
TNS   : 0.000

Type  : Fast 1100mV 85C Model Minimum Pulse Width 'KEY[0]'
Slack : -0.342
TNS   : -1.565

Type  : Fast 1100mV 0C Model Setup 'KEY[0]'
Slack : 0.327
TNS   : 0.000

Type  : Fast 1100mV 0C Model Hold 'KEY[0]'
Slack : 0.137
TNS   : 0.000

Type  : Fast 1100mV 0C Model Minimum Pulse Width 'KEY[0]'
Slack : -0.323
TNS   : -1.470

------------------------------------------------------------
