------------------------------------------------------------
Timing Analyzer Summary
------------------------------------------------------------

Type  : Slow 1100mV 85C Model Setup 'CLOCK_50'
Slack : -2.385
TNS   : -77.054

Type  : Slow 1100mV 85C Model Hold 'CLOCK_50'
Slack : 0.308
TNS   : 0.000

Type  : Slow 1100mV 85C Model Minimum Pulse Width 'CLOCK_50'
Slack : -0.394
TNS   : -18.742

Type  : Slow 1100mV 0C Model Setup 'CLOCK_50'
Slack : -2.339
TNS   : -75.263

Type  : Slow 1100mV 0C Model Hold 'CLOCK_50'
Slack : 0.289
TNS   : 0.000

Type  : Slow 1100mV 0C Model Minimum Pulse Width 'CLOCK_50'
Slack : -0.394
TNS   : -20.261

Type  : Fast 1100mV 85C Model Setup 'CLOCK_50'
Slack : -0.941
TNS   : -28.484

Type  : Fast 1100mV 85C Model Hold 'CLOCK_50'
Slack : 0.184
TNS   : 0.000

Type  : Fast 1100mV 85C Model Minimum Pulse Width 'CLOCK_50'
Slack : -0.093
TNS   : -3.181

Type  : Fast 1100mV 0C Model Setup 'CLOCK_50'
Slack : -0.793
TNS   : -23.747

Type  : Fast 1100mV 0C Model Hold 'CLOCK_50'
Slack : 0.168
TNS   : 0.000

Type  : Fast 1100mV 0C Model Minimum Pulse Width 'CLOCK_50'
Slack : -0.088
TNS   : -3.104

------------------------------------------------------------
